Flow report for marsohod2-vscale-wb-soc_0
Sun Feb 26 17:27:22 2017
Quartus II 32-bit Version 13.1.4 Build 182 03/12/2014 SJ Web Edition


---------------------
; Table of Contents ;
---------------------
  1. Legal Notice
  2. Flow Summary
  3. Flow Settings
  4. Flow Non-Default Global Settings
  5. Flow Elapsed Time
  6. Flow OS Summary
  7. Flow Log
  8. Flow Messages
  9. Flow Suppressed Messages



----------------
; Legal Notice ;
----------------
Copyright (C) 1991-2014 Altera Corporation
Your use of Altera Corporation's design tools, logic functions 
and other software and tools, and its AMPP partner logic 
functions, and any output files from any of the foregoing 
(including device programming or simulation files), and any 
associated documentation or information are expressly subject 
to the terms and conditions of the Altera Program License 
Subscription Agreement, Altera MegaCore Function License 
Agreement, or other applicable license agreement, including, 
without limitation, that your use is for the sole purpose of 
programming logic devices manufactured by Altera and sold by 
Altera or its authorized distributors.  Please refer to the 
applicable agreement for further details.



+---------------------------------------------------------------------------------+
; Flow Summary                                                                    ;
+------------------------------------+--------------------------------------------+
; Flow Status                        ; Successful - Sun Feb 26 17:27:11 2017      ;
; Quartus II 32-bit Version          ; 13.1.4 Build 182 03/12/2014 SJ Web Edition ;
; Revision Name                      ; marsohod2-vscale-wb-soc_0                  ;
; Top-level Entity Name              ; marsohod2_vscale_wb_soc                    ;
; Family                             ; Cyclone III                                ;
; Device                             ; EP3C10E144C8                               ;
; Timing Models                      ; Final                                      ;
; Total logic elements               ; 4,355 / 10,320 ( 42 % )                    ;
;     Total combinational functions  ; 4,234 / 10,320 ( 41 % )                    ;
;     Dedicated logic registers      ; 1,503 / 10,320 ( 15 % )                    ;
; Total registers                    ; 1503                                       ;
; Total pins                         ; 18 / 95 ( 19 % )                           ;
; Total virtual pins                 ; 0                                          ;
; Total memory bits                  ; 10,496 / 423,936 ( 2 % )                   ;
; Embedded Multiplier 9-bit elements ; 0 / 46 ( 0 % )                             ;
; Total PLLs                         ; 1 / 2 ( 50 % )                             ;
+------------------------------------+--------------------------------------------+


+-----------------------------------------------+
; Flow Settings                                 ;
+-------------------+---------------------------+
; Option            ; Setting                   ;
+-------------------+---------------------------+
; Start date & time ; 02/26/2017 17:26:11       ;
; Main task         ; Compilation               ;
; Revision Name     ; marsohod2-vscale-wb-soc_0 ;
+-------------------+---------------------------+


+--------------------------------------------------------------------------------------------------------------------------------------------+
; Flow Non-Default Global Settings                                                                                                           ;
+------------------------------------+------------------------------------------------+---------------------------+-------------+------------+
; Assignment Name                    ; Value                                          ; Default Value             ; Entity Name ; Section Id ;
+------------------------------------+------------------------------------------------+---------------------------+-------------+------------+
; AUTO_RAM_BLOCK_BALANCING           ; Off                                            ; On                        ; --          ; --         ;
; COMPILER_SIGNATURE_ID              ; 264840329988373.148811917107237                ; --                        ; --          ; --         ;
; FLOW_ENABLE_IO_ASSIGNMENT_ANALYSIS ; On                                             ; Off                       ; --          ; --         ;
; SEARCH_PATH                        ; ../src/or1k_bootloaders_0.9/                   ; --                        ; --          ; --         ;
; SEARCH_PATH                        ; ../src/riscv-nmon_0/                           ; --                        ; --          ; --         ;
; SEARCH_PATH                        ; ../src/uart16550_1.5.4/rtl/verilog             ; --                        ; --          ; --         ;
; SEARCH_PATH                        ; ../src/verilog_utils_0/                        ; --                        ; --          ; --         ;
; SEARCH_PATH                        ; ../src/wb_common_0/                            ; --                        ; --          ; --         ;
; SEARCH_PATH                        ; ../src/wb_riscvscale_0/                        ; --                        ; --          ; --         ;
; SEARCH_PATH                        ; ../src/vscale-wb-soc_0/rtl/verilog/wb_intercon ; --                        ; --          ; --         ;
; TOP_LEVEL_ENTITY                   ; marsohod2_vscale_wb_soc                        ; marsohod2-vscale-wb-soc_0 ; --          ; --         ;
; VERILOG_MACRO                      ; SYNTHESIS                                      ; --                        ; --          ; --         ;
+------------------------------------+------------------------------------------------+---------------------------+-------------+------------+


+-------------------------------------------------------------------------------------------------------------------------------+
; Flow Elapsed Time                                                                                                             ;
+---------------------------+--------------+-------------------------+---------------------+------------------------------------+
; Module Name               ; Elapsed Time ; Average Processors Used ; Peak Virtual Memory ; Total CPU Time (on all processors) ;
+---------------------------+--------------+-------------------------+---------------------+------------------------------------+
; Analysis & Synthesis      ; 00:00:22     ; 1.0                     ; 394 MB              ; 00:00:21                           ;
; Fitter                    ; 00:00:30     ; 1.0                     ; 598 MB              ; 00:00:30                           ;
; Assembler                 ; 00:00:02     ; 1.0                     ; 376 MB              ; 00:00:02                           ;
; TimeQuest Timing Analyzer ; 00:00:08     ; 1.0                     ; 417 MB              ; 00:00:09                           ;
; Total                     ; 00:01:02     ; --                      ; --                  ; 00:01:02                           ;
+---------------------------+--------------+-------------------------+---------------------+------------------------------------+


+-----------------------------------------------------------------------------------------------------+
; Flow OS Summary                                                                                     ;
+---------------------------+------------------+------------------+------------------+----------------+
; Module Name               ; Machine Hostname ; OS Name          ; OS Version       ; Processor type ;
+---------------------------+------------------+------------------+------------------+----------------+
; Analysis & Synthesis      ; cinco            ; Debian GNU/Linux ; Debian GNU/Linux ; x86_64         ;
; Fitter                    ; cinco            ; Debian GNU/Linux ; Debian GNU/Linux ; x86_64         ;
; Assembler                 ; cinco            ; Debian GNU/Linux ; Debian GNU/Linux ; x86_64         ;
; TimeQuest Timing Analyzer ; cinco            ; Debian GNU/Linux ; Debian GNU/Linux ; x86_64         ;
+---------------------------+------------------+------------------+------------------+----------------+


------------
; Flow Log ;
------------
quartus_map marsohod2-vscale-wb-soc_0
quartus_fit marsohod2-vscale-wb-soc_0
quartus_asm marsohod2-vscale-wb-soc_0
quartus_sta marsohod2-vscale-wb-soc_0



