------------------------------------------------------------
TimeQuest Timing Analyzer Summary
------------------------------------------------------------

Type  : Slow 1200mV 85C Model Setup 'pll|altpll_component|auto_generated|pll1|clk[0]'
Slack : 85.344
TNS   : 0.000

Type  : Slow 1200mV 85C Model Hold 'pll|altpll_component|auto_generated|pll1|clk[0]'
Slack : 0.415
TNS   : 0.000

Type  : Slow 1200mV 85C Model Minimum Pulse Width 'CLK100MHZ'
Slack : 4.934
TNS   : 0.000

Type  : Slow 1200mV 85C Model Minimum Pulse Width 'pll|altpll_component|auto_generated|pll1|clk[0]'
Slack : 49.717
TNS   : 0.000

Type  : Slow 1200mV 0C Model Setup 'pll|altpll_component|auto_generated|pll1|clk[0]'
Slack : 86.239
TNS   : 0.000

Type  : Slow 1200mV 0C Model Hold 'pll|altpll_component|auto_generated|pll1|clk[0]'
Slack : 0.400
TNS   : 0.000

Type  : Slow 1200mV 0C Model Minimum Pulse Width 'CLK100MHZ'
Slack : 4.943
TNS   : 0.000

Type  : Slow 1200mV 0C Model Minimum Pulse Width 'pll|altpll_component|auto_generated|pll1|clk[0]'
Slack : 49.715
TNS   : 0.000

Type  : Fast 1200mV 0C Model Setup 'pll|altpll_component|auto_generated|pll1|clk[0]'
Slack : 93.373
TNS   : 0.000

Type  : Fast 1200mV 0C Model Hold 'pll|altpll_component|auto_generated|pll1|clk[0]'
Slack : 0.137
TNS   : 0.000

Type  : Fast 1200mV 0C Model Minimum Pulse Width 'CLK100MHZ'
Slack : 4.594
TNS   : 0.000

Type  : Fast 1200mV 0C Model Minimum Pulse Width 'pll|altpll_component|auto_generated|pll1|clk[0]'
Slack : 49.734
TNS   : 0.000

------------------------------------------------------------
